

Microchip MPLAB XC8 Assembler V2.41 build 20230208172133 
                                                                                               Sat Aug 16 23:53:31 2025

Microchip MPLAB XC8 C Compiler v2.41 (Free license) build 20230208172133 Og1 
     1                           	processor	18F25Q10
     2                           	fnconf	rparam,??,?,0
     3                           	pagewidth 120
     4                           	opt	flic
     5                           	psect	cinit,global,reloc=2,class=CODE,delta=1
     6                           	psect	bssCOMRAM,global,class=COMRAM,space=1,delta=1,lowdata,noexec
     7                           	psect	cstackCOMRAM,global,class=COMRAM,space=1,delta=1,lowdata,noexec
     8                           	psect	text0,global,reloc=2,class=CODE,delta=1
     9                           	psect	text1,global,reloc=2,class=CODE,delta=1
    10                           	psect	text2,global,reloc=2,class=CODE,delta=1
    11                           	psect	text3,global,reloc=2,class=CODE,delta=1
    12                           	psect	intcode,global,reloc=2,class=CODE,delta=1
    13                           	psect	intsave_regs,global,class=BIGRAM,space=1,delta=1,noexec
    14                           	psect	rparam,global,class=COMRAM,space=1,delta=1,noexec
    15                           	psect	temp,global,ovrld,common,class=COMRAM,space=1,delta=1
    16                           	psect	idloc,global,abs,ovrld,class=IDLOC,space=5,delta=1,noexec
    17                           	psect	config,global,abs,ovrld,class=CONFIG,space=4,delta=1,noexec
    18   000000                     
    19                           ; Version 2.40
    20                           ; Generated 08/12/2021 GMT
    21                           ; 
    22                           ; Copyright © 2021, Microchip Technology Inc. and its subsidiaries ("Microchip")
    23                           ; All rights reserved.
    24                           ; 
    25                           ; This software is developed by Microchip Technology Inc. and its subsidiaries ("Microch
      +                          ip").
    26                           ; 
    27                           ; Redistribution and use in source and binary forms, with or without modification, are
    28                           ; permitted provided that the following conditions are met:
    29                           ; 
    30                           ;     1. Redistributions of source code must retain the above copyright notice, this lis
      +                          t of
    31                           ;        conditions and the following disclaimer.
    32                           ; 
    33                           ;     2. Redistributions in binary form must reproduce the above copyright notice, this 
      +                          list
    34                           ;        of conditions and the following disclaimer in the documentation and/or other
    35                           ;        materials provided with the distribution. Publication is not required when
    36                           ;        this file is used in an embedded application.
    37                           ; 
    38                           ;     3. Microchip's name may not be used to endorse or promote products derived from th
      +                          is
    39                           ;        software without specific prior written permission.
    40                           ; 
    41                           ; THIS SOFTWARE IS PROVIDED BY MICROCHIP "AS IS" AND ANY EXPRESS OR IMPLIED WARRANTIES,
    42                           ; INCLUDING, BUT NOT LIMITED TO, THE IMPLIED WARRANTIES OF MERCHANTABILITY AND FITNESS F
      +                          OR
    43                           ; PURPOSE ARE DISCLAIMED.  IN NO EVENT SHALL MICROCHIP BE LIABLE FOR ANY DIRECT, INDIREC
      +                          T,
    44                           ; INCIDENTAL, SPECIAL, EXEMPLARY, OR CONSEQUENTIAL DAMAGES (INCLUDING BUT NOT LIMITED TO
    45                           ; PROCUREMENT OF SUBSTITUTE GOODS OR SERVICES; LOSS OF USE, DATA OR PROFITS; OR BUSINESS
    46                           ; INTERRUPTION) HOWSOEVER CAUSED AND ON ANY THEORY OF LIABILITY, WHETHER IN CONTRACT, ST
      +                          RICT
    47                           ; LIABILITY, OR TORT (INCLUDING NEGLIGENCE OR OTHERWISE) ARISING IN ANY WAY OUT OF THE U
      +                          SE OF
    48                           ; THIS SOFTWARE, EVEN IF ADVISED OF THE POSSIBILITY OF SUCH DAMAGE.
    49                           ; 
    50                           ; 
    51                           ; Code-generator required, PIC18F25Q10 Definitions
    52                           ; 
    53                           ; SFR Addresses
    54   000000                     _SSP1STATbits	set	3988
    55   000000                     _SSP1MSK	set	3987
    56   000000                     _LATBbits	set	3971
    57   000000                     _LATCbits	set	3972
    58   000000                     _TRISAbits	set	3975
    59   000000                     _TRISBbits	set	3976
    60   000000                     _TRISCbits	set	3977
    61   000000                     _SSP1CON1bits	set	3989
    62   000000                     _PIE0bits	set	3773
    63   000000                     _PIR0bits	set	3781
    64   000000                     _OSCCON1	set	3795
    65   000000                     _OSCEN	set	3799
    66   000000                     _LATAbits	set	3970
    67   000000                     _OSCFRQ	set	3801
    68   000000                     _SSP1BUF	set	3985
    69   000000                     _SSP1ADD	set	3986
    70   000000                     _SSP1CON1	set	3989
    71   000000                     _TMR0L	set	4050
    72   000000                     _T0CON0	set	4052
    73   000000                     _INTCONbits	set	4082
    74   000000                     _T0CON1	set	4053
    75   000000                     _PIR3bits	set	3784
    76   000000                     _PIE3bits	set	3776
    77   000000                     _SSP1CON3	set	3991
    78   000000                     _SSP1CON2	set	3990
    79                           
    80                           ; #config settings
    81                           
    82                           	psect	cinit
    83   000156                     __pcinit:
    84                           	callstack 0
    85   000156                     start_initialization:
    86                           	callstack 0
    87   000156                     __initialization:
    88                           	callstack 0
    89                           
    90                           ; Clear objects allocated to COMRAM (1 bytes)
    91   000156  6A04               	clrf	__pbssCOMRAM& (0+255),c
    92   000158                     end_of_initialization:
    93                           	callstack 0
    94   000158                     __end_of__initialization:
    95                           	callstack 0
    96   000158  9005               	bcf	int$flags,0,c	;clear compiler interrupt flag (level 1)
    97   00015A  9205               	bcf	int$flags,1,c	;clear compiler interrupt flag (level 2)
    98   00015C  0100               	movlb	0
    99   00015E  EF70  F000         	goto	_main	;jump to C main() function
   100                           
   101                           	psect	bssCOMRAM
   102   000004                     __pbssCOMRAM:
   103                           	callstack 0
   104   000004                     _i2c_byte:
   105                           	callstack 0
   106   000004                     	ds	1
   107                           
   108                           	psect	cstackCOMRAM
   109   000001                     __pcstackCOMRAM:
   110                           	callstack 0
   111   000001                     I2C_Slave_Init@address:
   112                           	callstack 0
   113                           
   114                           ; 1 bytes @ 0x0
   115   000001                     	ds	1
   116   000002                     ??_main:
   117                           
   118                           ; 1 bytes @ 0x1
   119   000002                     	ds	2
   120                           
   121 ;;
   122 ;;Main: autosize = 0, tempsize = 2, incstack = 0, save=0
   123 ;;
   124 ;; *************** function _main *****************
   125 ;; Defined at:
   126 ;;		line 51 in file "main.c"
   127 ;; Parameters:    Size  Location     Type
   128 ;;		None
   129 ;; Auto vars:     Size  Location     Type
   130 ;;		None
   131 ;; Return value:  Size  Location     Type
   132 ;;                  1    wreg      void 
   133 ;; Registers used:
   134 ;;		wreg, status,2, status,0, cstack
   135 ;; Tracked objects:
   136 ;;		On entry : 0/0
   137 ;;		On exit  : 0/0
   138 ;;		Unchanged: 0/0
   139 ;; Data sizes:     COMRAM   BANK0   BANK1   BANK2   BANK3   BANK4   BANK5   BANK6   BANK7
   140 ;;      Params:         0       0       0       0       0       0       0       0       0
   141 ;;      Locals:         0       0       0       0       0       0       0       0       0
   142 ;;      Temps:          2       0       0       0       0       0       0       0       0
   143 ;;      Totals:         2       0       0       0       0       0       0       0       0
   144 ;;Total ram usage:        2 bytes
   145 ;; Hardware stack levels required when called: 3
   146 ;; This function calls:
   147 ;;		_Initialize
   148 ;; This function is called by:
   149 ;;		Startup code after reset
   150 ;; This function uses a non-reentrant model
   151 ;;
   152                           
   153                           	psect	text0
   154   0000E0                     __ptext0:
   155                           	callstack 0
   156   0000E0                     _main:
   157                           	callstack 28
   158   0000E0                     
   159                           ;main.c: 53:     Initialize();
   160   0000E0  EC49  F000         	call	_Initialize	;wreg free
   161   0000E4                     l844:
   162                           
   163                           ;main.c: 56:     {;main.c: 58:         LATAbits.LATA3 = 0;
   164   0000E4  9682               	bcf	130,3,c	;volatile
   165   0000E6                     
   166                           ;main.c: 59:         _delay((unsigned long)((500)*(48000000UL/4000.0)));
   167   0000E6  0E1F               	movlw	31
   168   0000E8  6E03               	movwf	(??_main+1)^0,c
   169   0000EA  0E71               	movlw	113
   170   0000EC  6E02               	movwf	??_main^0,c
   171   0000EE  0E1E               	movlw	30
   172   0000F0                     u87:
   173   0000F0  2EE8               	decfsz	wreg,f,c
   174   0000F2  D7FE               	bra	u87
   175   0000F4  2E02               	decfsz	??_main^0,f,c
   176   0000F6  D7FC               	bra	u87
   177   0000F8  2E03               	decfsz	(??_main+1)^0,f,c
   178   0000FA  D7FA               	bra	u87
   179   0000FC  D000               	nop2	
   180   0000FE                     
   181                           ;main.c: 60:         LATAbits.LATA3 = 0;
   182   0000FE  9682               	bcf	130,3,c	;volatile
   183   000100                     
   184                           ;main.c: 61:         _delay((unsigned long)((500)*(48000000UL/4000.0)));
   185   000100  0E1F               	movlw	31
   186   000102  6E03               	movwf	(??_main+1)^0,c
   187   000104  0E71               	movlw	113
   188   000106  6E02               	movwf	??_main^0,c
   189   000108  0E1E               	movlw	30
   190   00010A                     u97:
   191   00010A  2EE8               	decfsz	wreg,f,c
   192   00010C  D7FE               	bra	u97
   193   00010E  2E02               	decfsz	??_main^0,f,c
   194   000110  D7FC               	bra	u97
   195   000112  2E03               	decfsz	(??_main+1)^0,f,c
   196   000114  D7FA               	bra	u97
   197   000116  D000               	nop2	
   198   000118  EF72  F000         	goto	l844
   199   00011C  EF47  F000         	goto	start
   200   000120                     __end_of_main:
   201                           	callstack 0
   202                           
   203 ;; *************** function _Initialize *****************
   204 ;; Defined at:
   205 ;;		line 67 in file "main.c"
   206 ;; Parameters:    Size  Location     Type
   207 ;;		None
   208 ;; Auto vars:     Size  Location     Type
   209 ;;		None
   210 ;; Return value:  Size  Location     Type
   211 ;;                  1    wreg      void 
   212 ;; Registers used:
   213 ;;		wreg, status,2, status,0, cstack
   214 ;; Tracked objects:
   215 ;;		On entry : 0/0
   216 ;;		On exit  : 0/0
   217 ;;		Unchanged: 0/0
   218 ;; Data sizes:     COMRAM   BANK0   BANK1   BANK2   BANK3   BANK4   BANK5   BANK6   BANK7
   219 ;;      Params:         0       0       0       0       0       0       0       0       0
   220 ;;      Locals:         0       0       0       0       0       0       0       0       0
   221 ;;      Temps:          0       0       0       0       0       0       0       0       0
   222 ;;      Totals:         0       0       0       0       0       0       0       0       0
   223 ;;Total ram usage:        0 bytes
   224 ;; Hardware stack levels used: 1
   225 ;; Hardware stack levels required when called: 2
   226 ;; This function calls:
   227 ;;		_I2C_Slave_Init
   228 ;;		_Timer0_Init
   229 ;; This function is called by:
   230 ;;		_main
   231 ;; This function uses a non-reentrant model
   232 ;;
   233                           
   234                           	psect	text1
   235   000092                     __ptext1:
   236                           	callstack 0
   237   000092                     _Initialize:
   238                           	callstack 28
   239   000092                     
   240                           ;main.c: 70:     OSCEN = 0b01000000;
   241   000092  0E40               	movlw	64
   242   000094  010E               	movlb	14	; () banked
   243   000096  6FD7               	movwf	215,b	;volatile
   244                           
   245                           ;main.c: 71:     OSCCON1 = 0b00000000;
   246   000098  0E00               	movlw	0
   247   00009A  6FD3               	movwf	211,b	;volatile
   248                           
   249                           ;main.c: 72:     OSCFRQ = 0b00000111;
   250   00009C  0E07               	movlw	7
   251   00009E  6FD9               	movwf	217,b	;volatile
   252   0000A0                     
   253                           ; BSR set to: 14
   254                           ;main.c: 75:     TRISCbits.TRISC2 = 0;
   255   0000A0  9489               	bcf	137,2,c	;volatile
   256   0000A2                     
   257                           ; BSR set to: 14
   258                           ;main.c: 76:     TRISBbits.TRISB5 = 0;
   259   0000A2  9A88               	bcf	136,5,c	;volatile
   260   0000A4                     
   261                           ; BSR set to: 14
   262                           ;main.c: 77:     TRISCbits.TRISC0 = 0;
   263   0000A4  9089               	bcf	137,0,c	;volatile
   264   0000A6                     
   265                           ; BSR set to: 14
   266                           ;main.c: 78:     TRISBbits.TRISB4 = 0;
   267   0000A6  9888               	bcf	136,4,c	;volatile
   268   0000A8                     
   269                           ; BSR set to: 14
   270                           ;main.c: 79:     TRISAbits.TRISA1 = 0;
   271   0000A8  9287               	bcf	135,1,c	;volatile
   272   0000AA                     
   273                           ; BSR set to: 14
   274                           ;main.c: 82:     TRISAbits.TRISA0 = 1;
   275   0000AA  8087               	bsf	135,0,c	;volatile
   276   0000AC                     
   277                           ; BSR set to: 14
   278                           ;main.c: 85:     TRISCbits.TRISC1 = 1;
   279   0000AC  8289               	bsf	137,1,c	;volatile
   280   0000AE                     
   281                           ; BSR set to: 14
   282                           ;main.c: 86:     TRISBbits.TRISB3 = 1;
   283   0000AE  8688               	bsf	136,3,c	;volatile
   284   0000B0                     
   285                           ; BSR set to: 14
   286                           ;main.c: 87:     TRISAbits.TRISA2 = 1;
   287   0000B0  8487               	bsf	135,2,c	;volatile
   288   0000B2                     
   289                           ; BSR set to: 14
   290                           ;main.c: 88:     TRISCbits.TRISC4 = 1;
   291   0000B2  8889               	bsf	137,4,c	;volatile
   292   0000B4                     
   293                           ; BSR set to: 14
   294                           ;main.c: 89:     TRISAbits.TRISA4 = 1;
   295   0000B4  8887               	bsf	135,4,c	;volatile
   296   0000B6                     
   297                           ; BSR set to: 14
   298                           ;main.c: 90:     TRISCbits.TRISC5 = 1;
   299   0000B6  8A89               	bsf	137,5,c	;volatile
   300   0000B8                     
   301                           ; BSR set to: 14
   302                           ;main.c: 91:     TRISCbits.TRISC3 = 1;
   303   0000B8  8689               	bsf	137,3,c	;volatile
   304   0000BA                     
   305                           ; BSR set to: 14
   306                           ;main.c: 92:     TRISAbits.TRISA5 = 1;
   307   0000BA  8A87               	bsf	135,5,c	;volatile
   308   0000BC                     
   309                           ; BSR set to: 14
   310                           ;main.c: 93:     TRISCbits.TRISC6 = 1;
   311   0000BC  8C89               	bsf	137,6,c	;volatile
   312   0000BE                     
   313                           ; BSR set to: 14
   314                           ;main.c: 96:     TRISCbits.TRISC7 = 1;
   315   0000BE  8E89               	bsf	137,7,c	;volatile
   316   0000C0                     
   317                           ; BSR set to: 14
   318                           ;main.c: 97:     TRISBbits.TRISB7 = 1;
   319   0000C0  8E88               	bsf	136,7,c	;volatile
   320   0000C2                     
   321                           ; BSR set to: 14
   322                           ;main.c: 100:     TRISBbits.TRISB6 = 0;
   323   0000C2  9C88               	bcf	136,6,c	;volatile
   324   0000C4                     
   325                           ; BSR set to: 14
   326                           ;main.c: 103:     LATCbits.LATC2 = 1;
   327   0000C4  8484               	bsf	132,2,c	;volatile
   328   0000C6                     
   329                           ; BSR set to: 14
   330                           ;main.c: 104:     LATBbits.LATB5 = 1;
   331   0000C6  8A83               	bsf	131,5,c	;volatile
   332   0000C8                     
   333                           ; BSR set to: 14
   334                           ;main.c: 105:     LATCbits.LATC0 = 0;
   335   0000C8  9084               	bcf	132,0,c	;volatile
   336   0000CA                     
   337                           ; BSR set to: 14
   338                           ;main.c: 106:     LATBbits.LATB4 = 0;
   339   0000CA  9883               	bcf	131,4,c	;volatile
   340   0000CC                     
   341                           ; BSR set to: 14
   342                           ;main.c: 107:     LATAbits.LATA1 = 0;
   343   0000CC  9282               	bcf	130,1,c	;volatile
   344   0000CE                     
   345                           ; BSR set to: 14
   346                           ;main.c: 108:     LATAbits.LATA3 = 0;
   347   0000CE  9682               	bcf	130,3,c	;volatile
   348   0000D0                     
   349                           ; BSR set to: 14
   350                           ;main.c: 111:     INTCONbits.GIE = 1;
   351   0000D0  8EF2               	bsf	242,7,c	;volatile
   352   0000D2                     
   353                           ; BSR set to: 14
   354                           ;main.c: 112:     INTCONbits.PEIE = 1;
   355   0000D2  8CF2               	bsf	242,6,c	;volatile
   356   0000D4                     
   357                           ; BSR set to: 14
   358                           ;main.c: 115:     Timer0_Init();
   359   0000D4  ECA1  F000         	call	_Timer0_Init	;wreg free
   360   0000D8                     
   361                           ;main.c: 116:     I2C_Slave_Init(0x0D);
   362   0000D8  0E0D               	movlw	13
   363   0000DA  EC90  F000         	call	_I2C_Slave_Init
   364   0000DE  0012               	return		;funcret
   365   0000E0                     __end_of_Initialize:
   366                           	callstack 0
   367                           
   368 ;; *************** function _Timer0_Init *****************
   369 ;; Defined at:
   370 ;;		line 120 in file "main.c"
   371 ;; Parameters:    Size  Location     Type
   372 ;;		None
   373 ;; Auto vars:     Size  Location     Type
   374 ;;		None
   375 ;; Return value:  Size  Location     Type
   376 ;;                  1    wreg      void 
   377 ;; Registers used:
   378 ;;		wreg, status,2
   379 ;; Tracked objects:
   380 ;;		On entry : 0/0
   381 ;;		On exit  : 0/0
   382 ;;		Unchanged: 0/0
   383 ;; Data sizes:     COMRAM   BANK0   BANK1   BANK2   BANK3   BANK4   BANK5   BANK6   BANK7
   384 ;;      Params:         0       0       0       0       0       0       0       0       0
   385 ;;      Locals:         0       0       0       0       0       0       0       0       0
   386 ;;      Temps:          0       0       0       0       0       0       0       0       0
   387 ;;      Totals:         0       0       0       0       0       0       0       0       0
   388 ;;Total ram usage:        0 bytes
   389 ;; Hardware stack levels used: 1
   390 ;; Hardware stack levels required when called: 1
   391 ;; This function calls:
   392 ;;		Nothing
   393 ;; This function is called by:
   394 ;;		_Initialize
   395 ;; This function uses a non-reentrant model
   396 ;;
   397                           
   398                           	psect	text2
   399   000142                     __ptext2:
   400                           	callstack 0
   401   000142                     _Timer0_Init:
   402                           	callstack 28
   403   000142                     
   404                           ;main.c: 123:     T0CON0 = 0b10000000;
   405   000142  0E80               	movlw	128
   406   000144  6ED4               	movwf	212,c	;volatile
   407                           
   408                           ;main.c: 124:     T0CON1 = 0b01000110;
   409   000146  0E46               	movlw	70
   410   000148  6ED5               	movwf	213,c	;volatile
   411                           
   412                           ;main.c: 125:     TMR0L = 131;
   413   00014A  0E83               	movlw	131
   414   00014C  6ED2               	movwf	210,c	;volatile
   415   00014E                     
   416                           ;main.c: 126:     PIR0bits.TMR0IF = 0;
   417   00014E  010E               	movlb	14	; () banked
   418   000150  9BC5               	bcf	197,5,b	;volatile
   419   000152                     
   420                           ; BSR set to: 14
   421                           ;main.c: 127:     PIE0bits.TMR0IE = 1;
   422   000152  8BBD               	bsf	189,5,b	;volatile
   423   000154                     
   424                           ; BSR set to: 14
   425   000154  0012               	return		;funcret
   426   000156                     __end_of_Timer0_Init:
   427                           	callstack 0
   428                           
   429 ;; *************** function _I2C_Slave_Init *****************
   430 ;; Defined at:
   431 ;;		line 131 in file "main.c"
   432 ;; Parameters:    Size  Location     Type
   433 ;;  address         1    wreg     unsigned char 
   434 ;; Auto vars:     Size  Location     Type
   435 ;;  address         1    0[COMRAM] unsigned char 
   436 ;; Return value:  Size  Location     Type
   437 ;;                  1    wreg      void 
   438 ;; Registers used:
   439 ;;		wreg, status,2, status,0
   440 ;; Tracked objects:
   441 ;;		On entry : 0/0
   442 ;;		On exit  : 0/0
   443 ;;		Unchanged: 0/0
   444 ;; Data sizes:     COMRAM   BANK0   BANK1   BANK2   BANK3   BANK4   BANK5   BANK6   BANK7
   445 ;;      Params:         0       0       0       0       0       0       0       0       0
   446 ;;      Locals:         1       0       0       0       0       0       0       0       0
   447 ;;      Temps:          0       0       0       0       0       0       0       0       0
   448 ;;      Totals:         1       0       0       0       0       0       0       0       0
   449 ;;Total ram usage:        1 bytes
   450 ;; Hardware stack levels used: 1
   451 ;; Hardware stack levels required when called: 1
   452 ;; This function calls:
   453 ;;		Nothing
   454 ;; This function is called by:
   455 ;;		_Initialize
   456 ;; This function uses a non-reentrant model
   457 ;;
   458                           
   459                           	psect	text3
   460   000120                     __ptext3:
   461                           	callstack 0
   462   000120                     _I2C_Slave_Init:
   463                           	callstack 28
   464                           
   465                           ; BSR set to: 14
   466                           ;incstack = 0
   467                           ;I2C_Slave_Init@address stored from wreg
   468   000120  6E01               	movwf	I2C_Slave_Init@address^0,c
   469   000122                     
   470                           ;main.c: 131: void I2C_Slave_Init(uint8_t address);main.c: 132: {;main.c: 133:     SSP1C
      +                          ON1 = 0b00110110;
   471   000122  0E36               	movlw	54
   472   000124  6E95               	movwf	149,c	;volatile
   473                           
   474                           ;main.c: 134:     SSP1CON2 = 0x00;
   475   000126  0E00               	movlw	0
   476   000128  6E96               	movwf	150,c	;volatile
   477                           
   478                           ;main.c: 135:     SSP1CON3 = 0b00000000;
   479   00012A  0E00               	movlw	0
   480   00012C  6E97               	movwf	151,c	;volatile
   481   00012E                     
   482                           ;main.c: 137:     SSP1ADD = (address << 1);
   483   00012E  5001               	movf	I2C_Slave_Init@address^0,w,c
   484   000130  2401               	addwf	I2C_Slave_Init@address^0,w,c
   485   000132  6E92               	movwf	146,c	;volatile
   486   000134                     
   487                           ;main.c: 138:     SSP1MSK = 0xFE;
   488   000134  0EFE               	movlw	254
   489   000136  6E93               	movwf	147,c	;volatile
   490   000138                     
   491                           ;main.c: 140:     PIR3bits.SSP1IF = 0;
   492   000138  010E               	movlb	14	; () banked
   493   00013A  91C8               	bcf	200,0,b	;volatile
   494   00013C                     
   495                           ; BSR set to: 14
   496                           ;main.c: 141:     PIE3bits.SSP1IE = 1;
   497   00013C  81C0               	bsf	192,0,b	;volatile
   498   00013E                     
   499                           ; BSR set to: 14
   500                           ;main.c: 142:     PIE3bits.BCL1IE = 1;
   501   00013E  83C0               	bsf	192,1,b	;volatile
   502   000140                     
   503                           ; BSR set to: 14
   504   000140  0012               	return		;funcret
   505   000142                     __end_of_I2C_Slave_Init:
   506                           	callstack 0
   507                           
   508 ;; *************** function _ISR *****************
   509 ;; Defined at:
   510 ;;		line 146 in file "main.c"
   511 ;; Parameters:    Size  Location     Type
   512 ;;		None
   513 ;; Auto vars:     Size  Location     Type
   514 ;;		None
   515 ;; Return value:  Size  Location     Type
   516 ;;                  1    wreg      void 
   517 ;; Registers used:
   518 ;;		wreg, status,2
   519 ;; Tracked objects:
   520 ;;		On entry : 0/0
   521 ;;		On exit  : 0/0
   522 ;;		Unchanged: 0/0
   523 ;; Data sizes:     COMRAM   BANK0   BANK1   BANK2   BANK3   BANK4   BANK5   BANK6   BANK7
   524 ;;      Params:         0       0       0       0       0       0       0       0       0
   525 ;;      Locals:         0       0       0       0       0       0       0       0       0
   526 ;;      Temps:          0       0       0       0       0       0       0       0       0
   527 ;;      Totals:         0       0       0       0       0       0       0       0       0
   528 ;;Total ram usage:        0 bytes
   529 ;; Hardware stack levels used: 1
   530 ;; This function calls:
   531 ;;		Nothing
   532 ;; This function is called by:
   533 ;;		Interrupt level 2
   534 ;; This function uses a non-reentrant model
   535 ;;
   536                           
   537                           	psect	intcode
   538   000008                     __pintcode:
   539                           	callstack 0
   540   000008                     _ISR:
   541                           	callstack 28
   542                           
   543                           ; BSR set to: 14
   544                           ;incstack = 0
   545   000008  8205               	bsf	int$flags,1,c	;set compiler interrupt flag (level 2)
   546   00000A                     
   547                           ;main.c: 149:     if (PIR0bits.TMR0IF)
   548   00000A  010E               	movlb	14	; () banked
   549   00000C  ABC5               	btfss	197,5,b	;volatile
   550   00000E  EF0B  F000         	goto	i2u1_41
   551   000012  EF0D  F000         	goto	i2u1_40
   552   000016                     i2u1_41:
   553   000016  EF10  F000         	goto	i2l858
   554   00001A                     i2u1_40:
   555   00001A                     
   556                           ; BSR set to: 14
   557                           ;main.c: 150:     {;main.c: 151:         PIR0bits.TMR0IF = 0;
   558   00001A  9BC5               	bcf	197,5,b	;volatile
   559   00001C                     
   560                           ; BSR set to: 14
   561                           ;main.c: 152:         TMR0L = 131;
   562   00001C  0E83               	movlw	131
   563   00001E  6ED2               	movwf	210,c	;volatile
   564   000020                     i2l858:
   565                           
   566                           ; BSR set to: 14
   567                           ;main.c: 158:     if (PIR3bits.SSP1IF)
   568   000020  A1C8               	btfss	200,0,b	;volatile
   569   000022  EF15  F000         	goto	i2u2_41
   570   000026  EF17  F000         	goto	i2u2_40
   571   00002A                     i2u2_41:
   572   00002A  EF3D  F000         	goto	i2l83
   573   00002E                     i2u2_40:
   574   00002E                     
   575                           ; BSR set to: 14
   576                           ;main.c: 159:     {;main.c: 160:         if (SSP1STATbits.R_W)
   577   00002E  A494               	btfss	148,2,c	;volatile
   578   000030  EF1C  F000         	goto	i2u3_41
   579   000034  EF1E  F000         	goto	i2u3_40
   580   000038                     i2u3_41:
   581   000038  EF29  F000         	goto	i2l84
   582   00003C                     i2u3_40:
   583   00003C                     
   584                           ; BSR set to: 14
   585                           ;main.c: 161:         {;main.c: 162:             if (!SSP1STATbits.BF)
   586   00003C  B094               	btfsc	148,0,c	;volatile
   587   00003E  EF23  F000         	goto	i2u4_41
   588   000042  EF25  F000         	goto	i2u4_40
   589   000046                     i2u4_41:
   590   000046  EF2B  F000         	goto	i2l86
   591   00004A                     i2u4_40:
   592   00004A                     
   593                           ; BSR set to: 14
   594                           ;main.c: 163:             {;main.c: 164:                 SSP1BUF = 'a';
   595   00004A  0E61               	movlw	97
   596   00004C  6E91               	movwf	145,c	;volatile
   597   00004E  EF2B  F000         	goto	i2l86
   598   000052                     i2l84:
   599                           
   600                           ; BSR set to: 14
   601                           ;main.c: 168:         {;main.c: 169:             i2c_byte = SSP1BUF;
   602   000052  CF91 F004          	movff	3985,_i2c_byte	;volatile
   603   000056                     i2l86:
   604                           
   605                           ; BSR set to: 14
   606                           ;main.c: 173:         SSP1CON1bits.CKP = 1;
   607   000056  8895               	bsf	149,4,c	;volatile
   608                           
   609                           ;main.c: 174:         if (SSP1CON1bits.SSPOV) SSP1CON1bits.SSPOV = 0;
   610   000058  AC95               	btfss	149,6,c	;volatile
   611   00005A  EF31  F000         	goto	i2u5_41
   612   00005E  EF33  F000         	goto	i2u5_40
   613   000062                     i2u5_41:
   614   000062  EF34  F000         	goto	i2l87
   615   000066                     i2u5_40:
   616   000066                     
   617                           ; BSR set to: 14
   618   000066  9C95               	bcf	149,6,c	;volatile
   619   000068                     i2l87:
   620                           
   621                           ; BSR set to: 14
   622                           ;main.c: 175:         if (SSP1CON1bits.WCOL) SSP1CON1bits.WCOL = 0;
   623   000068  AE95               	btfss	149,7,c	;volatile
   624   00006A  EF39  F000         	goto	i2u6_41
   625   00006E  EF3B  F000         	goto	i2u6_40
   626   000072                     i2u6_41:
   627   000072  EF3C  F000         	goto	i2l88
   628   000076                     i2u6_40:
   629   000076                     
   630                           ; BSR set to: 14
   631   000076  9E95               	bcf	149,7,c	;volatile
   632   000078                     i2l88:
   633                           
   634                           ; BSR set to: 14
   635                           ;main.c: 176:         PIR3bits.SSP1IF = 0;
   636   000078  91C8               	bcf	200,0,b	;volatile
   637   00007A                     i2l83:
   638                           
   639                           ; BSR set to: 14
   640                           ;main.c: 180:     if (PIR3bits.BCL1IF)
   641   00007A  A3C8               	btfss	200,1,b	;volatile
   642   00007C  EF42  F000         	goto	i2u7_41
   643   000080  EF44  F000         	goto	i2u7_40
   644   000084                     i2u7_41:
   645   000084  EF45  F000         	goto	i2l90
   646   000088                     i2u7_40:
   647   000088                     
   648                           ; BSR set to: 14
   649                           ;main.c: 181:     {;main.c: 182:         PIR3bits.BCL1IF = 0;
   650   000088  93C8               	bcf	200,1,b	;volatile
   651   00008A                     i2l90:
   652                           
   653                           ; BSR set to: 14
   654   00008A  9205               	bcf	int$flags,1,c	;clear compiler interrupt flag (level 2)
   655   00008C  0011               	retfie		f
   656   00008E                     __end_of_ISR:
   657                           	callstack 0
   658   000000                     
   659                           	psect	rparam
   660   000000                     
   661                           	psect	temp
   662   000005                     btemp:
   663                           	callstack 0
   664   000005                     	ds	1
   665   000000                     int$flags	set	btemp
   666   000000                     wtemp8	set	btemp+1
   667   000000                     ttemp5	set	btemp+1
   668   000000                     ttemp6	set	btemp+4
   669   000000                     ttemp7	set	btemp+8
   670                           
   671                           	psect	idloc
   672                           
   673                           ;Config register IDLOC0 @ 0x200000
   674                           ;	unspecified, using default values
   675   200000                     	org	2097152
   676   200000  FFFF               	dw	65535
   677                           
   678                           ;Config register IDLOC1 @ 0x200002
   679                           ;	unspecified, using default values
   680   200002                     	org	2097154
   681   200002  FFFF               	dw	65535
   682                           
   683                           ;Config register IDLOC2 @ 0x200004
   684                           ;	unspecified, using default values
   685   200004                     	org	2097156
   686   200004  FFFF               	dw	65535
   687                           
   688                           ;Config register IDLOC3 @ 0x200006
   689                           ;	unspecified, using default values
   690   200006                     	org	2097158
   691   200006  FFFF               	dw	65535
   692                           
   693                           ;Config register IDLOC4 @ 0x200008
   694                           ;	unspecified, using default values
   695   200008                     	org	2097160
   696   200008  FFFF               	dw	65535
   697                           
   698                           ;Config register IDLOC5 @ 0x20000A
   699                           ;	unspecified, using default values
   700   20000A                     	org	2097162
   701   20000A  FFFF               	dw	65535
   702                           
   703                           ;Config register IDLOC6 @ 0x20000C
   704                           ;	unspecified, using default values
   705   20000C                     	org	2097164
   706   20000C  FFFF               	dw	65535
   707                           
   708                           ;Config register IDLOC7 @ 0x20000E
   709                           ;	unspecified, using default values
   710   20000E                     	org	2097166
   711   20000E  FFFF               	dw	65535
   712                           
   713                           ;Config register IDLOC8 @ 0x200010
   714                           ;	unspecified, using default values
   715   200010                     	org	2097168
   716   200010  FFFF               	dw	65535
   717                           
   718                           ;Config register IDLOC9 @ 0x200012
   719                           ;	unspecified, using default values
   720   200012                     	org	2097170
   721   200012  FFFF               	dw	65535
   722                           
   723                           ;Config register IDLOC10 @ 0x200014
   724                           ;	unspecified, using default values
   725   200014                     	org	2097172
   726   200014  FFFF               	dw	65535
   727                           
   728                           ;Config register IDLOC11 @ 0x200016
   729                           ;	unspecified, using default values
   730   200016                     	org	2097174
   731   200016  FFFF               	dw	65535
   732                           
   733                           ;Config register IDLOC12 @ 0x200018
   734                           ;	unspecified, using default values
   735   200018                     	org	2097176
   736   200018  FFFF               	dw	65535
   737                           
   738                           ;Config register IDLOC13 @ 0x20001A
   739                           ;	unspecified, using default values
   740   20001A                     	org	2097178
   741   20001A  FFFF               	dw	65535
   742                           
   743                           ;Config register IDLOC14 @ 0x20001C
   744                           ;	unspecified, using default values
   745   20001C                     	org	2097180
   746   20001C  FFFF               	dw	65535
   747                           
   748                           ;Config register IDLOC15 @ 0x20001E
   749                           ;	unspecified, using default values
   750   20001E                     	org	2097182
   751   20001E  FFFF               	dw	65535
   752                           
   753                           ;Config register IDLOC16 @ 0x200020
   754                           ;	unspecified, using default values
   755   200020                     	org	2097184
   756   200020  FFFF               	dw	65535
   757                           
   758                           ;Config register IDLOC17 @ 0x200022
   759                           ;	unspecified, using default values
   760   200022                     	org	2097186
   761   200022  FFFF               	dw	65535
   762                           
   763                           ;Config register IDLOC18 @ 0x200024
   764                           ;	unspecified, using default values
   765   200024                     	org	2097188
   766   200024  FFFF               	dw	65535
   767                           
   768                           ;Config register IDLOC19 @ 0x200026
   769                           ;	unspecified, using default values
   770   200026                     	org	2097190
   771   200026  FFFF               	dw	65535
   772                           
   773                           ;Config register IDLOC20 @ 0x200028
   774                           ;	unspecified, using default values
   775   200028                     	org	2097192
   776   200028  FFFF               	dw	65535
   777                           
   778                           ;Config register IDLOC21 @ 0x20002A
   779                           ;	unspecified, using default values
   780   20002A                     	org	2097194
   781   20002A  FFFF               	dw	65535
   782                           
   783                           ;Config register IDLOC22 @ 0x20002C
   784                           ;	unspecified, using default values
   785   20002C                     	org	2097196
   786   20002C  FFFF               	dw	65535
   787                           
   788                           ;Config register IDLOC23 @ 0x20002E
   789                           ;	unspecified, using default values
   790   20002E                     	org	2097198
   791   20002E  FFFF               	dw	65535
   792                           
   793                           ;Config register IDLOC24 @ 0x200030
   794                           ;	unspecified, using default values
   795   200030                     	org	2097200
   796   200030  FFFF               	dw	65535
   797                           
   798                           ;Config register IDLOC25 @ 0x200032
   799                           ;	unspecified, using default values
   800   200032                     	org	2097202
   801   200032  FFFF               	dw	65535
   802                           
   803                           ;Config register IDLOC26 @ 0x200034
   804                           ;	unspecified, using default values
   805   200034                     	org	2097204
   806   200034  FFFF               	dw	65535
   807                           
   808                           ;Config register IDLOC27 @ 0x200036
   809                           ;	unspecified, using default values
   810   200036                     	org	2097206
   811   200036  FFFF               	dw	65535
   812                           
   813                           ;Config register IDLOC28 @ 0x200038
   814                           ;	unspecified, using default values
   815   200038                     	org	2097208
   816   200038  FFFF               	dw	65535
   817                           
   818                           ;Config register IDLOC29 @ 0x20003A
   819                           ;	unspecified, using default values
   820   20003A                     	org	2097210
   821   20003A  FFFF               	dw	65535
   822                           
   823                           ;Config register IDLOC30 @ 0x20003C
   824                           ;	unspecified, using default values
   825   20003C                     	org	2097212
   826   20003C  FFFF               	dw	65535
   827                           
   828                           ;Config register IDLOC31 @ 0x20003E
   829                           ;	unspecified, using default values
   830   20003E                     	org	2097214
   831   20003E  FFFF               	dw	65535
   832                           
   833                           ;Config register IDLOC32 @ 0x200040
   834                           ;	unspecified, using default values
   835   200040                     	org	2097216
   836   200040  FFFF               	dw	65535
   837                           
   838                           ;Config register IDLOC33 @ 0x200042
   839                           ;	unspecified, using default values
   840   200042                     	org	2097218
   841   200042  FFFF               	dw	65535
   842                           
   843                           ;Config register IDLOC34 @ 0x200044
   844                           ;	unspecified, using default values
   845   200044                     	org	2097220
   846   200044  FFFF               	dw	65535
   847                           
   848                           ;Config register IDLOC35 @ 0x200046
   849                           ;	unspecified, using default values
   850   200046                     	org	2097222
   851   200046  FFFF               	dw	65535
   852                           
   853                           ;Config register IDLOC36 @ 0x200048
   854                           ;	unspecified, using default values
   855   200048                     	org	2097224
   856   200048  FFFF               	dw	65535
   857                           
   858                           ;Config register IDLOC37 @ 0x20004A
   859                           ;	unspecified, using default values
   860   20004A                     	org	2097226
   861   20004A  FFFF               	dw	65535
   862                           
   863                           ;Config register IDLOC38 @ 0x20004C
   864                           ;	unspecified, using default values
   865   20004C                     	org	2097228
   866   20004C  FFFF               	dw	65535
   867                           
   868                           ;Config register IDLOC39 @ 0x20004E
   869                           ;	unspecified, using default values
   870   20004E                     	org	2097230
   871   20004E  FFFF               	dw	65535
   872                           
   873                           ;Config register IDLOC40 @ 0x200050
   874                           ;	unspecified, using default values
   875   200050                     	org	2097232
   876   200050  FFFF               	dw	65535
   877                           
   878                           ;Config register IDLOC41 @ 0x200052
   879                           ;	unspecified, using default values
   880   200052                     	org	2097234
   881   200052  FFFF               	dw	65535
   882                           
   883                           ;Config register IDLOC42 @ 0x200054
   884                           ;	unspecified, using default values
   885   200054                     	org	2097236
   886   200054  FFFF               	dw	65535
   887                           
   888                           ;Config register IDLOC43 @ 0x200056
   889                           ;	unspecified, using default values
   890   200056                     	org	2097238
   891   200056  FFFF               	dw	65535
   892                           
   893                           ;Config register IDLOC44 @ 0x200058
   894                           ;	unspecified, using default values
   895   200058                     	org	2097240
   896   200058  FFFF               	dw	65535
   897                           
   898                           ;Config register IDLOC45 @ 0x20005A
   899                           ;	unspecified, using default values
   900   20005A                     	org	2097242
   901   20005A  FFFF               	dw	65535
   902                           
   903                           ;Config register IDLOC46 @ 0x20005C
   904                           ;	unspecified, using default values
   905   20005C                     	org	2097244
   906   20005C  FFFF               	dw	65535
   907                           
   908                           ;Config register IDLOC47 @ 0x20005E
   909                           ;	unspecified, using default values
   910   20005E                     	org	2097246
   911   20005E  FFFF               	dw	65535
   912                           
   913                           ;Config register IDLOC48 @ 0x200060
   914                           ;	unspecified, using default values
   915   200060                     	org	2097248
   916   200060  FFFF               	dw	65535
   917                           
   918                           ;Config register IDLOC49 @ 0x200062
   919                           ;	unspecified, using default values
   920   200062                     	org	2097250
   921   200062  FFFF               	dw	65535
   922                           
   923                           ;Config register IDLOC50 @ 0x200064
   924                           ;	unspecified, using default values
   925   200064                     	org	2097252
   926   200064  FFFF               	dw	65535
   927                           
   928                           ;Config register IDLOC51 @ 0x200066
   929                           ;	unspecified, using default values
   930   200066                     	org	2097254
   931   200066  FFFF               	dw	65535
   932                           
   933                           ;Config register IDLOC52 @ 0x200068
   934                           ;	unspecified, using default values
   935   200068                     	org	2097256
   936   200068  FFFF               	dw	65535
   937                           
   938                           ;Config register IDLOC53 @ 0x20006A
   939                           ;	unspecified, using default values
   940   20006A                     	org	2097258
   941   20006A  FFFF               	dw	65535
   942                           
   943                           ;Config register IDLOC54 @ 0x20006C
   944                           ;	unspecified, using default values
   945   20006C                     	org	2097260
   946   20006C  FFFF               	dw	65535
   947                           
   948                           ;Config register IDLOC55 @ 0x20006E
   949                           ;	unspecified, using default values
   950   20006E                     	org	2097262
   951   20006E  FFFF               	dw	65535
   952                           
   953                           ;Config register IDLOC56 @ 0x200070
   954                           ;	unspecified, using default values
   955   200070                     	org	2097264
   956   200070  FFFF               	dw	65535
   957                           
   958                           ;Config register IDLOC57 @ 0x200072
   959                           ;	unspecified, using default values
   960   200072                     	org	2097266
   961   200072  FFFF               	dw	65535
   962                           
   963                           ;Config register IDLOC58 @ 0x200074
   964                           ;	unspecified, using default values
   965   200074                     	org	2097268
   966   200074  FFFF               	dw	65535
   967                           
   968                           ;Config register IDLOC59 @ 0x200076
   969                           ;	unspecified, using default values
   970   200076                     	org	2097270
   971   200076  FFFF               	dw	65535
   972                           
   973                           ;Config register IDLOC60 @ 0x200078
   974                           ;	unspecified, using default values
   975   200078                     	org	2097272
   976   200078  FFFF               	dw	65535
   977                           
   978                           ;Config register IDLOC61 @ 0x20007A
   979                           ;	unspecified, using default values
   980   20007A                     	org	2097274
   981   20007A  FFFF               	dw	65535
   982                           
   983                           ;Config register IDLOC62 @ 0x20007C
   984                           ;	unspecified, using default values
   985   20007C                     	org	2097276
   986   20007C  FFFF               	dw	65535
   987                           
   988                           ;Config register IDLOC63 @ 0x20007E
   989                           ;	unspecified, using default values
   990   20007E                     	org	2097278
   991   20007E  FFFF               	dw	65535
   992                           
   993                           ;Config register IDLOC64 @ 0x200080
   994                           ;	unspecified, using default values
   995   200080                     	org	2097280
   996   200080  FFFF               	dw	65535
   997                           
   998                           ;Config register IDLOC65 @ 0x200082
   999                           ;	unspecified, using default values
  1000   200082                     	org	2097282
  1001   200082  FFFF               	dw	65535
  1002                           
  1003                           ;Config register IDLOC66 @ 0x200084
  1004                           ;	unspecified, using default values
  1005   200084                     	org	2097284
  1006   200084  FFFF               	dw	65535
  1007                           
  1008                           ;Config register IDLOC67 @ 0x200086
  1009                           ;	unspecified, using default values
  1010   200086                     	org	2097286
  1011   200086  FFFF               	dw	65535
  1012                           
  1013                           ;Config register IDLOC68 @ 0x200088
  1014                           ;	unspecified, using default values
  1015   200088                     	org	2097288
  1016   200088  FFFF               	dw	65535
  1017                           
  1018                           ;Config register IDLOC69 @ 0x20008A
  1019                           ;	unspecified, using default values
  1020   20008A                     	org	2097290
  1021   20008A  FFFF               	dw	65535
  1022                           
  1023                           ;Config register IDLOC70 @ 0x20008C
  1024                           ;	unspecified, using default values
  1025   20008C                     	org	2097292
  1026   20008C  FFFF               	dw	65535
  1027                           
  1028                           ;Config register IDLOC71 @ 0x20008E
  1029                           ;	unspecified, using default values
  1030   20008E                     	org	2097294
  1031   20008E  FFFF               	dw	65535
  1032                           
  1033                           ;Config register IDLOC72 @ 0x200090
  1034                           ;	unspecified, using default values
  1035   200090                     	org	2097296
  1036   200090  FFFF               	dw	65535
  1037                           
  1038                           ;Config register IDLOC73 @ 0x200092
  1039                           ;	unspecified, using default values
  1040   200092                     	org	2097298
  1041   200092  FFFF               	dw	65535
  1042                           
  1043                           ;Config register IDLOC74 @ 0x200094
  1044                           ;	unspecified, using default values
  1045   200094                     	org	2097300
  1046   200094  FFFF               	dw	65535
  1047                           
  1048                           ;Config register IDLOC75 @ 0x200096
  1049                           ;	unspecified, using default values
  1050   200096                     	org	2097302
  1051   200096  FFFF               	dw	65535
  1052                           
  1053                           ;Config register IDLOC76 @ 0x200098
  1054                           ;	unspecified, using default values
  1055   200098                     	org	2097304
  1056   200098  FFFF               	dw	65535
  1057                           
  1058                           ;Config register IDLOC77 @ 0x20009A
  1059                           ;	unspecified, using default values
  1060   20009A                     	org	2097306
  1061   20009A  FFFF               	dw	65535
  1062                           
  1063                           ;Config register IDLOC78 @ 0x20009C
  1064                           ;	unspecified, using default values
  1065   20009C                     	org	2097308
  1066   20009C  FFFF               	dw	65535
  1067                           
  1068                           ;Config register IDLOC79 @ 0x20009E
  1069                           ;	unspecified, using default values
  1070   20009E                     	org	2097310
  1071   20009E  FFFF               	dw	65535
  1072                           
  1073                           ;Config register IDLOC80 @ 0x2000A0
  1074                           ;	unspecified, using default values
  1075   2000A0                     	org	2097312
  1076   2000A0  FFFF               	dw	65535
  1077                           
  1078                           ;Config register IDLOC81 @ 0x2000A2
  1079                           ;	unspecified, using default values
  1080   2000A2                     	org	2097314
  1081   2000A2  FFFF               	dw	65535
  1082                           
  1083                           ;Config register IDLOC82 @ 0x2000A4
  1084                           ;	unspecified, using default values
  1085   2000A4                     	org	2097316
  1086   2000A4  FFFF               	dw	65535
  1087                           
  1088                           ;Config register IDLOC83 @ 0x2000A6
  1089                           ;	unspecified, using default values
  1090   2000A6                     	org	2097318
  1091   2000A6  FFFF               	dw	65535
  1092                           
  1093                           ;Config register IDLOC84 @ 0x2000A8
  1094                           ;	unspecified, using default values
  1095   2000A8                     	org	2097320
  1096   2000A8  FFFF               	dw	65535
  1097                           
  1098                           ;Config register IDLOC85 @ 0x2000AA
  1099                           ;	unspecified, using default values
  1100   2000AA                     	org	2097322
  1101   2000AA  FFFF               	dw	65535
  1102                           
  1103                           ;Config register IDLOC86 @ 0x2000AC
  1104                           ;	unspecified, using default values
  1105   2000AC                     	org	2097324
  1106   2000AC  FFFF               	dw	65535
  1107                           
  1108                           ;Config register IDLOC87 @ 0x2000AE
  1109                           ;	unspecified, using default values
  1110   2000AE                     	org	2097326
  1111   2000AE  FFFF               	dw	65535
  1112                           
  1113                           ;Config register IDLOC88 @ 0x2000B0
  1114                           ;	unspecified, using default values
  1115   2000B0                     	org	2097328
  1116   2000B0  FFFF               	dw	65535
  1117                           
  1118                           ;Config register IDLOC89 @ 0x2000B2
  1119                           ;	unspecified, using default values
  1120   2000B2                     	org	2097330
  1121   2000B2  FFFF               	dw	65535
  1122                           
  1123                           ;Config register IDLOC90 @ 0x2000B4
  1124                           ;	unspecified, using default values
  1125   2000B4                     	org	2097332
  1126   2000B4  FFFF               	dw	65535
  1127                           
  1128                           ;Config register IDLOC91 @ 0x2000B6
  1129                           ;	unspecified, using default values
  1130   2000B6                     	org	2097334
  1131   2000B6  FFFF               	dw	65535
  1132                           
  1133                           ;Config register IDLOC92 @ 0x2000B8
  1134                           ;	unspecified, using default values
  1135   2000B8                     	org	2097336
  1136   2000B8  FFFF               	dw	65535
  1137                           
  1138                           ;Config register IDLOC93 @ 0x2000BA
  1139                           ;	unspecified, using default values
  1140   2000BA                     	org	2097338
  1141   2000BA  FFFF               	dw	65535
  1142                           
  1143                           ;Config register IDLOC94 @ 0x2000BC
  1144                           ;	unspecified, using default values
  1145   2000BC                     	org	2097340
  1146   2000BC  FFFF               	dw	65535
  1147                           
  1148                           ;Config register IDLOC95 @ 0x2000BE
  1149                           ;	unspecified, using default values
  1150   2000BE                     	org	2097342
  1151   2000BE  FFFF               	dw	65535
  1152                           
  1153                           ;Config register IDLOC96 @ 0x2000C0
  1154                           ;	unspecified, using default values
  1155   2000C0                     	org	2097344
  1156   2000C0  FFFF               	dw	65535
  1157                           
  1158                           ;Config register IDLOC97 @ 0x2000C2
  1159                           ;	unspecified, using default values
  1160   2000C2                     	org	2097346
  1161   2000C2  FFFF               	dw	65535
  1162                           
  1163                           ;Config register IDLOC98 @ 0x2000C4
  1164                           ;	unspecified, using default values
  1165   2000C4                     	org	2097348
  1166   2000C4  FFFF               	dw	65535
  1167                           
  1168                           ;Config register IDLOC99 @ 0x2000C6
  1169                           ;	unspecified, using default values
  1170   2000C6                     	org	2097350
  1171   2000C6  FFFF               	dw	65535
  1172                           
  1173                           ;Config register IDLOC100 @ 0x2000C8
  1174                           ;	unspecified, using default values
  1175   2000C8                     	org	2097352
  1176   2000C8  FFFF               	dw	65535
  1177                           
  1178                           ;Config register IDLOC101 @ 0x2000CA
  1179                           ;	unspecified, using default values
  1180   2000CA                     	org	2097354
  1181   2000CA  FFFF               	dw	65535
  1182                           
  1183                           ;Config register IDLOC102 @ 0x2000CC
  1184                           ;	unspecified, using default values
  1185   2000CC                     	org	2097356
  1186   2000CC  FFFF               	dw	65535
  1187                           
  1188                           ;Config register IDLOC103 @ 0x2000CE
  1189                           ;	unspecified, using default values
  1190   2000CE                     	org	2097358
  1191   2000CE  FFFF               	dw	65535
  1192                           
  1193                           ;Config register IDLOC104 @ 0x2000D0
  1194                           ;	unspecified, using default values
  1195   2000D0                     	org	2097360
  1196   2000D0  FFFF               	dw	65535
  1197                           
  1198                           ;Config register IDLOC105 @ 0x2000D2
  1199                           ;	unspecified, using default values
  1200   2000D2                     	org	2097362
  1201   2000D2  FFFF               	dw	65535
  1202                           
  1203                           ;Config register IDLOC106 @ 0x2000D4
  1204                           ;	unspecified, using default values
  1205   2000D4                     	org	2097364
  1206   2000D4  FFFF               	dw	65535
  1207                           
  1208                           ;Config register IDLOC107 @ 0x2000D6
  1209                           ;	unspecified, using default values
  1210   2000D6                     	org	2097366
  1211   2000D6  FFFF               	dw	65535
  1212                           
  1213                           ;Config register IDLOC108 @ 0x2000D8
  1214                           ;	unspecified, using default values
  1215   2000D8                     	org	2097368
  1216   2000D8  FFFF               	dw	65535
  1217                           
  1218                           ;Config register IDLOC109 @ 0x2000DA
  1219                           ;	unspecified, using default values
  1220   2000DA                     	org	2097370
  1221   2000DA  FFFF               	dw	65535
  1222                           
  1223                           ;Config register IDLOC110 @ 0x2000DC
  1224                           ;	unspecified, using default values
  1225   2000DC                     	org	2097372
  1226   2000DC  FFFF               	dw	65535
  1227                           
  1228                           ;Config register IDLOC111 @ 0x2000DE
  1229                           ;	unspecified, using default values
  1230   2000DE                     	org	2097374
  1231   2000DE  FFFF               	dw	65535
  1232                           
  1233                           ;Config register IDLOC112 @ 0x2000E0
  1234                           ;	unspecified, using default values
  1235   2000E0                     	org	2097376
  1236   2000E0  FFFF               	dw	65535
  1237                           
  1238                           ;Config register IDLOC113 @ 0x2000E2
  1239                           ;	unspecified, using default values
  1240   2000E2                     	org	2097378
  1241   2000E2  FFFF               	dw	65535
  1242                           
  1243                           ;Config register IDLOC114 @ 0x2000E4
  1244                           ;	unspecified, using default values
  1245   2000E4                     	org	2097380
  1246   2000E4  FFFF               	dw	65535
  1247                           
  1248                           ;Config register IDLOC115 @ 0x2000E6
  1249                           ;	unspecified, using default values
  1250   2000E6                     	org	2097382
  1251   2000E6  FFFF               	dw	65535
  1252                           
  1253                           ;Config register IDLOC116 @ 0x2000E8
  1254                           ;	unspecified, using default values
  1255   2000E8                     	org	2097384
  1256   2000E8  FFFF               	dw	65535
  1257                           
  1258                           ;Config register IDLOC117 @ 0x2000EA
  1259                           ;	unspecified, using default values
  1260   2000EA                     	org	2097386
  1261   2000EA  FFFF               	dw	65535
  1262                           
  1263                           ;Config register IDLOC118 @ 0x2000EC
  1264                           ;	unspecified, using default values
  1265   2000EC                     	org	2097388
  1266   2000EC  FFFF               	dw	65535
  1267                           
  1268                           ;Config register IDLOC119 @ 0x2000EE
  1269                           ;	unspecified, using default values
  1270   2000EE                     	org	2097390
  1271   2000EE  FFFF               	dw	65535
  1272                           
  1273                           ;Config register IDLOC120 @ 0x2000F0
  1274                           ;	unspecified, using default values
  1275   2000F0                     	org	2097392
  1276   2000F0  FFFF               	dw	65535
  1277                           
  1278                           ;Config register IDLOC121 @ 0x2000F2
  1279                           ;	unspecified, using default values
  1280   2000F2                     	org	2097394
  1281   2000F2  FFFF               	dw	65535
  1282                           
  1283                           ;Config register IDLOC122 @ 0x2000F4
  1284                           ;	unspecified, using default values
  1285   2000F4                     	org	2097396
  1286   2000F4  FFFF               	dw	65535
  1287                           
  1288                           ;Config register IDLOC123 @ 0x2000F6
  1289                           ;	unspecified, using default values
  1290   2000F6                     	org	2097398
  1291   2000F6  FFFF               	dw	65535
  1292                           
  1293                           ;Config register IDLOC124 @ 0x2000F8
  1294                           ;	unspecified, using default values
  1295   2000F8                     	org	2097400
  1296   2000F8  FFFF               	dw	65535
  1297                           
  1298                           ;Config register IDLOC125 @ 0x2000FA
  1299                           ;	unspecified, using default values
  1300   2000FA                     	org	2097402
  1301   2000FA  FFFF               	dw	65535
  1302                           
  1303                           ;Config register IDLOC126 @ 0x2000FC
  1304                           ;	unspecified, using default values
  1305   2000FC                     	org	2097404
  1306   2000FC  FFFF               	dw	65535
  1307                           
  1308                           ;Config register IDLOC127 @ 0x2000FE
  1309                           ;	unspecified, using default values
  1310   2000FE                     	org	2097406
  1311   2000FE  FFFF               	dw	65535
  1312                           
  1313                           	psect	config
  1314                           
  1315                           ;Config register CONFIG1L @ 0x300000
  1316                           ;	External Oscillator mode Selection bits
  1317                           ;	FEXTOSC = OFF, Oscillator not enabled
  1318                           ;	Power-up default value for COSC bits
  1319                           ;	RSTOSC = HFINTOSC_64MHZ, HFINTOSC with HFFRQ = 64 MHz and CDIV = 1:1
  1320   300000                     	org	3145728
  1321   300000  8C                 	db	140
  1322                           
  1323                           ;Config register CONFIG1H @ 0x300001
  1324                           ;	Clock Out Enable bit
  1325                           ;	CLKOUTEN = OFF, CLKOUT function is disabled
  1326                           ;	Clock Switch Enable bit
  1327                           ;	CSWEN = OFF, The NOSC and NDIV bits cannot be changed by user software
  1328                           ;	Fail-Safe Clock Monitor Enable bit
  1329                           ;	FCMEN = OFF, Fail-Safe Clock Monitor disabled
  1330   300001                     	org	3145729
  1331   300001  D7                 	db	215
  1332                           
  1333                           ;Config register CONFIG2L @ 0x300002
  1334                           ;	Master Clear Enable bit
  1335                           ;	MCLRE = EXTMCLR, MCLR pin (RE3) is MCLR
  1336                           ;	Power-up Timer Enable bit
  1337                           ;	PWRTE = OFF, Power up timer disabled
  1338                           ;	Low-power BOR enable bit
  1339                           ;	LPBOREN = OFF, Low power BOR is disabled
  1340                           ;	Brown-out Reset Enable bits
  1341                           ;	BOREN = SBORDIS, Brown-out Reset enabled , SBOREN bit is ignored
  1342   300002                     	org	3145730
  1343   300002  FF                 	db	255
  1344                           
  1345                           ;Config register CONFIG2H @ 0x300003
  1346                           ;	Brown Out Reset Voltage selection bits
  1347                           ;	BORV = VBOR_190, Brown-out Reset Voltage (VBOR) set to 1.90V
  1348                           ;	ZCD Disable bit
  1349                           ;	ZCD = OFF, ZCD disabled. ZCD can be enabled by setting the ZCDSEN bit of ZCDCON
  1350                           ;	PPSLOCK bit One-Way Set Enable bit
  1351                           ;	PPS1WAY = ON, PPSLOCK bit can be cleared and set only once; PPS registers remain locke
      +                          d after one clear/set cycle
  1352                           ;	Stack Full/Underflow Reset Enable bit
  1353                           ;	STVREN = ON, Stack full/underflow will cause Reset
  1354                           ;	Extended Instruction Set Enable bit
  1355                           ;	XINST = OFF, Extended Instruction Set and Indexed Addressing Mode disabled
  1356   300003                     	org	3145731
  1357   300003  FF                 	db	255
  1358                           
  1359                           ;Config register CONFIG3L @ 0x300004
  1360                           ;	WDT Period Select bits
  1361                           ;	WDTCPS = WDTCPS_31, Divider ratio 1:65536; software control of WDTPS
  1362                           ;	WDT operating mode
  1363                           ;	WDTE = ON, WDT always enabled
  1364   300004                     	org	3145732
  1365   300004  FF                 	db	255
  1366                           
  1367                           ;Config register CONFIG3H @ 0x300005
  1368                           ;	WDT Window Select bits
  1369                           ;	WDTCWS = WDTCWS_7, window always open (100%); software control; keyed access not requi
      +                          red
  1370                           ;	WDT input clock selector
  1371                           ;	WDTCCS = SC, Software Control
  1372   300005                     	org	3145733
  1373   300005  FF                 	db	255
  1374                           
  1375                           ;Config register CONFIG4L @ 0x300006
  1376                           ;	Write Protection Block 0
  1377                           ;	WRT0 = OFF, Block 0 (000800-001FFFh) not write-protected
  1378                           ;	Write Protection Block 1
  1379                           ;	WRT1 = OFF, Block 1 (002000-003FFFh) not write-protected
  1380                           ;	Write Protection Block 2
  1381                           ;	WRT2 = OFF, Block 2 (004000-005FFFh) not write-protected
  1382                           ;	Write Protection Block 3
  1383                           ;	WRT3 = OFF, Block 3 (006000-007FFFh) not write-protected
  1384   300006                     	org	3145734
  1385   300006  FF                 	db	255
  1386                           
  1387                           ;Config register CONFIG4H @ 0x300007
  1388                           ;	Configuration Register Write Protection bit
  1389                           ;	WRTC = OFF, Configuration registers (300000-30000Bh) not write-protected
  1390                           ;	Boot Block Write Protection bit
  1391                           ;	WRTB = OFF, Boot Block (000000-0007FFh) not write-protected
  1392                           ;	Data EEPROM Write Protection bit
  1393                           ;	WRTD = OFF, Data EEPROM not write-protected
  1394                           ;	Scanner Enable bit
  1395                           ;	SCANE = ON, Scanner module is available for use, SCANMD bit can control the module
  1396                           ;	Low Voltage Programming Enable bit
  1397                           ;	LVP = ON, Low voltage programming enabled. MCLR/VPP pin function is MCLR. MCLRE config
      +                          uration bit is ignored
  1398   300007                     	org	3145735
  1399   300007  FF                 	db	255
  1400                           
  1401                           ;Config register CONFIG5L @ 0x300008
  1402                           ;	UserNVM Program Memory Code Protection bit
  1403                           ;	CP = OFF, UserNVM code protection disabled
  1404                           ;	DataNVM Memory Code Protection bit
  1405                           ;	CPD = OFF, DataNVM code protection disabled
  1406   300008                     	org	3145736
  1407   300008  FF                 	db	255
  1408                           
  1409                           ;Config register CONFIG5H @ 0x300009
  1410                           ;	unspecified, using default values
  1411   300009                     	org	3145737
  1412   300009  FF                 	db	255
  1413                           
  1414                           ;Config register CONFIG6L @ 0x30000A
  1415                           ;	Table Read Protection Block 0
  1416                           ;	EBTR0 = OFF, Block 0 (000800-001FFFh) not protected from table reads executed in other
      +                           blocks
  1417                           ;	Table Read Protection Block 1
  1418                           ;	EBTR1 = OFF, Block 1 (002000-003FFFh) not protected from table reads executed in other
      +                           blocks
  1419                           ;	Table Read Protection Block 2
  1420                           ;	EBTR2 = OFF, Block 2 (004000-005FFFh) not protected from table reads executed in other
      +                           blocks
  1421                           ;	Table Read Protection Block 3
  1422                           ;	EBTR3 = OFF, Block 3 (006000-007FFFh) not protected from table reads executed in other
      +                           blocks
  1423   30000A                     	org	3145738
  1424   30000A  FF                 	db	255
  1425                           
  1426                           ;Config register CONFIG6H @ 0x30000B
  1427                           ;	Boot Block Table Read Protection bit
  1428                           ;	EBTRB = OFF, Boot Block (000000-0007FFh) not protected from table reads executed in ot
      +                          her blocks
  1429   30000B                     	org	3145739
  1430   30000B  FF                 	db	255
  1431                           tosu	equ	0xFFF
  1432                           tosh	equ	0xFFE
  1433                           tosl	equ	0xFFD
  1434                           stkptr	equ	0xFFC
  1435                           pclatu	equ	0xFFB
  1436                           pclath	equ	0xFFA
  1437                           pcl	equ	0xFF9
  1438                           tblptru	equ	0xFF8
  1439                           tblptrh	equ	0xFF7
  1440                           tblptrl	equ	0xFF6
  1441                           tablat	equ	0xFF5
  1442                           prodh	equ	0xFF4
  1443                           prodl	equ	0xFF3
  1444                           indf0	equ	0xFEF
  1445                           postinc0	equ	0xFEE
  1446                           postdec0	equ	0xFED
  1447                           preinc0	equ	0xFEC
  1448                           plusw0	equ	0xFEB
  1449                           fsr0h	equ	0xFEA
  1450                           fsr0l	equ	0xFE9
  1451                           wreg	equ	0xFE8
  1452                           indf1	equ	0xFE7
  1453                           postinc1	equ	0xFE6
  1454                           postdec1	equ	0xFE5
  1455                           preinc1	equ	0xFE4
  1456                           plusw1	equ	0xFE3
  1457                           fsr1h	equ	0xFE2
  1458                           fsr1l	equ	0xFE1
  1459                           bsr	equ	0xFE0
  1460                           indf2	equ	0xFDF
  1461                           postinc2	equ	0xFDE
  1462                           postdec2	equ	0xFDD
  1463                           preinc2	equ	0xFDC
  1464                           plusw2	equ	0xFDB
  1465                           fsr2h	equ	0xFDA
  1466                           fsr2l	equ	0xFD9
  1467                           status	equ	0xFD8

Data Sizes:
    Strings     0
    Constant    0
    Data        0
    BSS         1
    Persistent  0
    Stack       0

Auto Spaces:
    Space          Size  Autos    Used
    COMRAM           94      3       4
    BANK0           160      0       0
    BANK1           256      0       0
    BANK2           256      0       0
    BANK3           256      0       0
    BANK4           256      0       0
    BANK5           256      0       0
    BANK6           256      0       0
    BANK7           256      0       0

Pointer List with Targets:

    None.

Critical Paths under _main in COMRAM

    _Initialize->_I2C_Slave_Init

Critical Paths under _ISR in COMRAM

    None.

Critical Paths under _main in BANK0

    None.

Critical Paths under _ISR in BANK0

    None.

Critical Paths under _main in BANK1

    None.

Critical Paths under _ISR in BANK1

    None.

Critical Paths under _main in BANK2

    None.

Critical Paths under _ISR in BANK2

    None.

Critical Paths under _main in BANK3

    None.

Critical Paths under _ISR in BANK3

    None.

Critical Paths under _main in BANK4

    None.

Critical Paths under _ISR in BANK4

    None.

Critical Paths under _main in BANK5

    None.

Critical Paths under _ISR in BANK5

    None.

Critical Paths under _main in BANK6

    None.

Critical Paths under _ISR in BANK6

    None.

Critical Paths under _main in BANK7

    None.

Critical Paths under _ISR in BANK7

    None.

Call Graph Tables:

 ---------------------------------------------------------------------------------
 (Depth) Function   	        Calls       Base Space   Used Autos Params    Refs
 ---------------------------------------------------------------------------------
 (0) _main                                                 2     2      0      15
                                              1 COMRAM     2     2      0
                         _Initialize
 ---------------------------------------------------------------------------------
 (1) _Initialize                                           0     0      0      15
                     _I2C_Slave_Init
                        _Timer0_Init
 ---------------------------------------------------------------------------------
 (2) _Timer0_Init                                          0     0      0       0
 ---------------------------------------------------------------------------------
 (2) _I2C_Slave_Init                                       1     1      0      15
                                              0 COMRAM     1     1      0
 ---------------------------------------------------------------------------------
 Estimated maximum stack depth 2
 ---------------------------------------------------------------------------------
 (Depth) Function   	        Calls       Base Space   Used Autos Params    Refs
 ---------------------------------------------------------------------------------
 (3) _ISR                                                  0     0      0       0
 ---------------------------------------------------------------------------------
 Estimated maximum stack depth 3
 ---------------------------------------------------------------------------------

 Call Graph Graphs:

 _main (ROOT)
   _Initialize
     _I2C_Slave_Init
     _Timer0_Init

 _ISR (ROOT)

 Address spaces:
Name               Size   Autos  Total    Cost      Usage
BIGRAM             7FF      0       0      36        0.0%
EEDATA             100      0       0       0        0.0%
BITBIGSFR          100      0       0      34        0.0%
BITBANK7           100      0       0      18        0.0%
BANK7              100      0       0      19        0.0%
BITBANK6           100      0       0      16        0.0%
BANK6              100      0       0      17        0.0%
BITBANK5           100      0       0      14        0.0%
BANK5              100      0       0      15        0.0%
BITBANK4           100      0       0      12        0.0%
BANK4              100      0       0      13        0.0%
BITBANK3           100      0       0      10        0.0%
BANK3              100      0       0      11        0.0%
BITBANK2           100      0       0       8        0.0%
BANK2              100      0       0       9        0.0%
BITBANK1           100      0       0       6        0.0%
BANK1              100      0       0       7        0.0%
BITBIGSFR_1lhh      A8      0       0      26        0.0%
BITBANK0            A0      0       0       4        0.0%
BANK0               A0      0       0       5        0.0%
BITCOMRAM           5E      0       0       0        0.0%
COMRAM              5E      3       4       1        4.3%
BITBIGSFR_1hhll     3A      0       0      23        0.0%
BITBIGSFR_1llll     35      0       0      33        0.0%
BITBIGSFR_1hhlh     1C      0       0      21        0.0%
BITBIGSFR_1hhh       D      0       0      20        0.0%
BITBIGSFR_1lllh      A      0       0      29        0.0%
BITBIGSFR_1hhll      7      0       0      24        0.0%
BITBIGSFR_1llll      4      0       0      31        0.0%
BITBIGSFR_1llh       3      0       0      28        0.0%
BITBIGSFR_1llll      2      0       0      32        0.0%
BITBIGSFR_1lllh      2      0       0      30        0.0%
BITBIGSFR_1hlh       2      0       0      25        0.0%
BITBIGSFR_1hhll      1      0       0      22        0.0%
BITBIGSFR_1lhl       1      0       0      27        0.0%
BIGSFR_1             0      0       0     200        0.0%
BIGSFR               0      0       0     200        0.0%
BITSFR_3             0      0       0     200        0.0%
SFR_3                0      0       0     200        0.0%
BITSFR_2             0      0       0     200        0.0%
SFR_2                0      0       0     200        0.0%
BITSFR_1             0      0       0     200        0.0%
SFR_1                0      0       0     200        0.0%
BITSFR               0      0       0     200        0.0%
SFR                  0      0       0     200        0.0%
STACK                0      0       0       2        0.0%
NULL                 0      0       0       0        0.0%
ABS                  0      0       4      35        0.0%
DATA                 0      0       4       3        0.0%
CODE                 0      0       0       0        0.0%


Microchip Technology PIC18 Macro Assembler V2.41 build 20230208172133 
Symbol Table                                                                                   Sat Aug 16 23:53:31 2025

                     l71 00DE                       l74 0154                       l77 0140  
                     u87 00F0                       u97 010A                      l800 00AE  
                    l810 00B8                      l802 00B0                      l820 00C2  
                    l812 00BA                      l804 00B2                      l830 00CC  
                    l822 00C4                      l814 00BC                      l806 00B4  
                    l840 00D8                      l832 00CE                      l824 00C6  
                    l816 00BE                      l808 00B6                      l770 0152  
                    l834 00D0                      l826 00C8                      l818 00C0  
                    l850 0100                      l842 00E0                      l780 013C  
                    l772 0122                      l836 00D2                      l828 00CA  
                    l844 00E4                      l782 013E                      l774 012E  
                    l766 0142                      l838 00D4                      l790 00A4  
                    l846 00E6                      l776 0134                      l768 014E  
                    l792 00A6                      l784 0092                      l848 00FE  
                    l778 0138                      l794 00A8                      l786 00A0  
                    l796 00AA                      l788 00A2                      l798 00AC  
                    _ISR 0008                      wreg 0FE8                     ?_ISR 0001  
                   i2l90 008A                     i2l83 007A                     i2l84 0052  
                   i2l86 0056                     i2l87 0068                     i2l88 0078  
                   _main 00E0                     btemp 0005                     start 008E  
           ___param_bank 0000                    ??_ISR 0001                    ?_main 0001  
                  i2l860 002E                    i2l852 000A                    i2l870 0088  
                  i2l862 003C                    i2l854 001A                    i2l864 004A  
                  i2l856 001C                    i2l866 0066                    i2l858 0020  
                  i2l868 0076                    _OSCEN 0ED7                    _TMR0L 0FD2  
                  ttemp5 0006                    ttemp6 0009                    ttemp7 000D  
                  wtemp8 0006          __initialization 0156             __end_of_main 0120  
             _Initialize 0092                   ??_main 0002            __activetblptr 0000  
                 _T0CON0 0FD4                   _T0CON1 0FD5                   _OSCFRQ 0ED9  
                 i2u1_40 001A                   i2u1_41 0016                   i2u2_40 002E  
                 i2u2_41 002A                   i2u3_40 003C                   i2u3_41 0038  
                 i2u4_40 004A                   i2u4_41 0046                   i2u5_40 0066  
                 i2u5_41 0062                   i2u6_40 0076                   i2u6_41 0072  
                 i2u7_40 0088                   i2u7_41 0084            ??_Timer0_Init 0001  
                 isa$std 0001               __accesstop 0060  __end_of__initialization 0158  
          ___rparam_used 0001           __pcstackCOMRAM 0001              ?_Initialize 0001  
    __end_of_Timer0_Init 0156    I2C_Slave_Init@address 0001                  _OSCCON1 0ED3  
                _SSP1ADD 0F92                  _SSP1BUF 0F91                  _SSP1MSK 0F93  
                __Hparam 0000              _Timer0_Init 0142                  __Lparam 0000  
                __pcinit 0156                  __ramtop 0900                  __ptext0 00E0  
                __ptext1 0092                  __ptext2 0142                  __ptext3 0120  
   end_of_initialization 0158           _I2C_Slave_Init 0120                _TRISAbits 0F87  
              _TRISBbits 0F88                _TRISCbits 0F89   __end_of_I2C_Slave_Init 0142  
           ??_Initialize 0002      start_initialization 0156              __end_of_ISR 008E  
     __end_of_Initialize 00E0          ?_I2C_Slave_Init 0001              __pbssCOMRAM 0004  
           ?_Timer0_Init 0001                __pintcode 0008                 _LATAbits 0F82  
               _LATBbits 0F83                 _LATCbits 0F84                 _PIE0bits 0EBD  
               _PIE3bits 0EC0                 _PIR0bits 0EC5                 _PIR3bits 0EC8  
               _SSP1CON1 0F95                 _SSP1CON2 0F96                 _SSP1CON3 0F97  
               _i2c_byte 0004                 __Hrparam 0000                 __Lrparam 0000  
           _SSP1CON1bits 0F95         ??_I2C_Slave_Init 0001                 isa$xinst 0000  
               int$flags 0005             _SSP1STATbits 0F94               _INTCONbits 0FF2  
               intlevel2 0000  
